
> chames-dhibi-portfolio@2.3.0 build D:\1_DEV\1_APORTFOLIO\portfolio v2
> next build

   Γû▓ Next.js 15.5.7
   - Experiments (use with caution):
     ┬╖ optimizePackageImports

   Creating an optimized production build ...
node.exe : 
At C:\Users\Jecft\AppD
ata\Roaming\npm\pnpm.p
s1:24 char:5
+     & "node$exe"  "$
basedir/node_modules/p
npm/bin/pnpm.cjs" 
$args
+     ~~~~~~~~~~~~~~~~
~~~~~~~~~~~~~~~~~~~~~~
~~~~~~~~~~~~~~~~~~~~~~
~
    + CategoryInfo    
          : NotSpeci  
  fied: (:String) [   
 ], RemoteExceptio    
n
    + FullyQualifiedE 
   rrorId : NativeCo  
  mmandError
 
> Build error occurred
[Error: Debug 
Failure. Expected D:/1
_DEV/1_APORTFOLIO/port
folio 
v2/tsconfig.json === D
:\1_DEV\1_APORTFOLIO\p
ortfolio 
v2\tsconfig.json. ]
ΓÇëELIFECYCLEΓÇë Command failed with exit code 1.
